TYPE SIGNATURES
  convert :: Wrap Age -> Int
TYPE CONSTRUCTORS
  newtype Age = MkAge Int
  newtype Wrap a = MkWrap a
    Promotable
COERCION AXIOMS
  axiom Roles13.NTCo:Age :: Age = Int
  axiom Roles13.NTCo:Wrap :: Wrap a = a
Dependent modules: []
Dependent packages: [base-4.8.1.0, ghc-prim-0.4.0.0,
                     integer-gmp-1.0.0.0]
