
overloadedlistsfail01.hs:5:8:
    No instance for (Show a0) arising from a use of ‘print’
    The type variable ‘a0’ is ambiguous
    Potential instances:
      instance Show a => Show (Maybe a) -- Defined in ‘GHC.Show’
      instance Show Ordering -- Defined in ‘GHC.Show’
      instance Show Integer -- Defined in ‘GHC.Show’
      ...plus 22 others
      ...plus four instance involving out-of-scope typess
      (use -fprint-potential-instances to see them all)
    In the expression: print [1]
    In an equation for ‘main’: main = print [1]

overloadedlistsfail01.hs:5:14:
    No instance for (GHC.Exts.IsList a0)
      arising from an overloaded list
    The type variable ‘a0’ is ambiguous
    Potential instances:
      instance GHC.Exts.IsList [a] -- Defined in ‘GHC.Exts’
      ...plus one instance involving out-of-scope types
      (use -fprint-potential-instances to see them all)
    In the first argument of ‘print’, namely ‘[1]’
    In the expression: print [1]
    In an equation for ‘main’: main = print [1]

overloadedlistsfail01.hs:5:15:
    No instance for (Num (GHC.Exts.Item a0))
      arising from the literal ‘1’
    The type variable ‘a0’ is ambiguous
    Potential instances:
      instance Num Integer -- Defined in ‘GHC.Num’
      instance Num Double -- Defined in ‘GHC.Float’
      instance Num Float -- Defined in ‘GHC.Float’
      ...plus two others
      (use -fprint-potential-instances to see them all)
    In the expression: 1
    In the first argument of ‘print’, namely ‘[1]’
    In the expression: print [1]
