
<interactive>:6:1:
    No instance for (Show t1) arising from a use of ‘print’
    Cannot resolve unknown runtime type ‘t1’
    Use :print or :force to determine these types
    Relevant bindings include it :: t1 (bound at <interactive>:6:1)
    Potential instances:
      instance (Show a, Show b) => Show (Either a b)
        -- Defined in ‘Data.Either’
      instance Show a => Show (Maybe a) -- Defined in ‘GHC.Show’
      instance Show Ordering -- Defined in ‘GHC.Show’
      ...plus 23 others
      ...plus 13 instance involving out-of-scope typess
      (use -fprint-potential-instances to see them all)
    In a stmt of an interactive GHCi command: print it

<interactive>:8:1:
    No instance for (Show t1) arising from a use of ‘print’
    Cannot resolve unknown runtime type ‘t1’
    Use :print or :force to determine these types
    Relevant bindings include it :: t1 (bound at <interactive>:8:1)
    Potential instances:
      instance (Show a, Show b) => Show (Either a b)
        -- Defined in ‘Data.Either’
      instance Show a => Show (Maybe a) -- Defined in ‘GHC.Show’
      instance Show Ordering -- Defined in ‘GHC.Show’
      ...plus 23 others
      ...plus 13 instance involving out-of-scope typess
      (use -fprint-potential-instances to see them all)
    In a stmt of an interactive GHCi command: print it
