
T9687.hs:5:10:
    Class ‘Typeable’ does not support user-specified instances
