
==================== Tidy Core ====================
Result size of Tidy Core = {terms: 55, types: 34, coercions: 0}

T7360.$WFoo3 [InlPrag=INLINE] :: Int -> Foo
[GblId[DataConWrapper],
 Arity=1,
 Caf=NoCafRefs,
 Str=DmdType <S,U>m3,
 Unf=Unf{Src=InlineStable, TopLvl=True, Value=True, ConLike=True,
         WorkFree=True, Expandable=True,
         Guidance=ALWAYS_IF(arity=1,unsat_ok=False,boring_ok=False)
         Tmpl= \ (dt [Occ=Once!] :: Int) ->
                 case dt of _ [Occ=Dead] { GHC.Types.I# dt [Occ=Once] ->
                 T7360.Foo3 dt
                 }}]
T7360.$WFoo3 =
  \ (dt [Occ=Once!] :: Int) ->
    case dt of _ [Occ=Dead] { GHC.Types.I# dt [Occ=Once] ->
    T7360.Foo3 dt
    }

fun1 [InlPrag=NOINLINE] :: Foo -> ()
[GblId, Arity=1, Caf=NoCafRefs, Str=DmdType <S,1*U>]
fun1 =
  \ (x :: Foo) ->
    case x of _ [Occ=Dead] { __DEFAULT -> GHC.Tuple.() }

T7360.fun4 :: ()
[GblId,
 Str=DmdType,
 Unf=Unf{Src=<vanilla>, TopLvl=True, Value=False, ConLike=False,
         WorkFree=False, Expandable=False, Guidance=IF_ARGS [] 20 0}]
T7360.fun4 = fun1 T7360.Foo1

T7360.fun3 :: Int
[GblId,
 Caf=NoCafRefs,
 Str=DmdType m,
 Unf=Unf{Src=<vanilla>, TopLvl=True, Value=True, ConLike=True,
         WorkFree=True, Expandable=True, Guidance=IF_ARGS [] 10 20}]
T7360.fun3 = GHC.Types.I# 0#

fun2 :: forall a. [a] -> ((), Int)
[GblId,
 Arity=1,
 Str=DmdType <L,1*U>m,
 Unf=Unf{Src=InlineStable, TopLvl=True, Value=True, ConLike=True,
         WorkFree=True, Expandable=True,
         Guidance=ALWAYS_IF(arity=1,unsat_ok=True,boring_ok=False)
         Tmpl= \ (@ a) (x [Occ=Once!] :: [a]) ->
                 (T7360.fun4,
                  case x of wild {
                    [] -> T7360.fun3;
                    : _ [Occ=Dead] _ [Occ=Dead] ->
                      case GHC.List.$wlenAcc @ a wild 0# of ww2 { __DEFAULT ->
                      GHC.Types.I# ww2
                      }
                  })}]
fun2 =
  \ (@ a) (x :: [a]) ->
    (T7360.fun4,
     case x of wild {
       [] -> T7360.fun3;
       : ds ds1 ->
         case GHC.List.$wlenAcc @ a wild 0# of ww2 { __DEFAULT ->
         GHC.Types.I# ww2
         }
     })

T7360.$trModule2 :: GHC.Types.TrName
[GblId,
 Caf=NoCafRefs,
 Str=DmdType m1,
 Unf=Unf{Src=<vanilla>, TopLvl=True, Value=True, ConLike=True,
         WorkFree=True, Expandable=True, Guidance=IF_ARGS [] 30 20}]
T7360.$trModule2 = GHC.Types.TrNameS "main"#

T7360.$trModule1 :: GHC.Types.TrName
[GblId,
 Caf=NoCafRefs,
 Str=DmdType m1,
 Unf=Unf{Src=<vanilla>, TopLvl=True, Value=True, ConLike=True,
         WorkFree=True, Expandable=True, Guidance=IF_ARGS [] 40 20}]
T7360.$trModule1 = GHC.Types.TrNameS "T7360"#

T7360.$trModule :: GHC.Types.Module
[GblId[ReflectionId],
 Caf=NoCafRefs,
 Str=DmdType m,
 Unf=Unf{Src=<vanilla>, TopLvl=True, Value=True, ConLike=True,
         WorkFree=True, Expandable=True, Guidance=IF_ARGS [] 10 30}]
T7360.$trModule =
  GHC.Types.Module T7360.$trModule2 T7360.$trModule1

T7360.$tcFoo1 :: GHC.Types.TrName
[GblId,
 Caf=NoCafRefs,
 Str=DmdType m1,
 Unf=Unf{Src=<vanilla>, TopLvl=True, Value=True, ConLike=True,
         WorkFree=True, Expandable=True, Guidance=IF_ARGS [] 30 20}]
T7360.$tcFoo1 = GHC.Types.TrNameS "Foo"#

T7360.$tcFoo :: GHC.Types.TyCon
[GblId[ReflectionId],
 Caf=NoCafRefs,
 Str=DmdType m,
 Unf=Unf{Src=<vanilla>, TopLvl=True, Value=True, ConLike=True,
         WorkFree=True, Expandable=True, Guidance=IF_ARGS [] 10 50}]
T7360.$tcFoo =
  GHC.Types.TyCon 0## 0## T7360.$trModule T7360.$tcFoo1



