
annfail10.hs:9:1:
    No instance for (Data.Data.Data a0) arising from an annotation
    The type variable ‘a0’ is ambiguous
    Potential instances:
      instance (Data.Data.Data a, Data.Data.Data b) =>
               Data.Data.Data (Either a b)
        -- Defined in ‘Data.Data’
      instance Data.Data.Data a => Data.Data.Data (Maybe a)
        -- Defined in ‘Data.Data’
      instance Data.Data.Data Ordering -- Defined in ‘Data.Data’
      ...plus 15 others
      ...plus 24 instance involving out-of-scope typess
      (use -fprint-potential-instances to see them all)
    In the annotation: {-# ANN f 1 #-}

annfail10.hs:9:11:
    No instance for (Num a0) arising from the literal ‘1’
    The type variable ‘a0’ is ambiguous
    Potential instances:
      instance Num Integer -- Defined in ‘GHC.Num’
      instance Num Double -- Defined in ‘GHC.Float’
      instance Num Float -- Defined in ‘GHC.Float’
      ...plus two others
      ...plus 12 instance involving out-of-scope typess
      (use -fprint-potential-instances to see them all)
    In the annotation: {-# ANN f 1 #-}
